** Drc report for ecg.kicad_pcb **
** Created on 2026-09-01T02:23:04 **
** Report includes: Errors, Warnings, Exclusions **

** Found 231 DRC violations **
[silk_edge_clearance]: Silkscreen clipped by board edge
    Rule: vincoli impostazioni scheda serigrafia; warning
    @(185.6217 mm, 100.6449 mm): Polygon of CARD1 on Edge.Cuts
    @(186.0000 mm, 100.5000 mm): Reference field of D1
[lib_footprint_mismatch]: I'impronta 'C_0805_2012Metric' non corrisponde alla copia nella libreria 'Library'
    Local override; warning
    @(105.4125 mm, 107.0000 mm): Footprint C22
[lib_footprint_mismatch]: I'impronta 'R_0603_1608Metric' non corrisponde alla copia nella libreria 'Library'
    Local override; warning
    @(156.1750 mm, 69.7500 mm): Footprint R1
[lib_footprint_mismatch]: I'impronta 'R_0603_1608Metric' non corrisponde alla copia nella libreria 'Library'
    Local override; warning
    @(163.4800 mm, 81.8435 mm): Footprint R2
[lib_footprint_mismatch]: I'impronta 'R_0603_1608Metric' non corrisponde alla copia nella libreria 'Library'
    Local override; warning
    @(121.7205 mm, 90.4900 mm): Footprint R7
[lib_footprint_mismatch]: I'impronta 'SOD-523_L1.2-W0.8-LS1.6-BI' non corrisponde alla copia nella libreria 'Library'
    Local override; warning
    @(185.7500 mm, 101.7500 mm): Footprint D1
[lib_footprint_mismatch]: I'impronta 'C_0603_1608Metric_Pad1.08x0.95mm_HandSolder' non corrisponde alla copia nella libreria 'Library'
    Local override; warning
    @(142.1375 mm, 85.2600 mm): Footprint C36
[lib_footprint_mismatch]: I'impronta 'C_0603_1608Metric_Pad1.08x0.95mm_HandSolder' non corrisponde alla copia nella libreria 'Library'
    Local override; warning
    @(169.3375 mm, 77.7500 mm): Footprint C25
[lib_footprint_mismatch]: I'impronta 'C_0603_1608Metric_Pad1.08x0.95mm_HandSolder' non corrisponde alla copia nella libreria 'Library'
    Local override; warning
    @(171.3875 mm, 111.5000 mm): Footprint C38
[lib_footprint_mismatch]: I'impronta 'R_0603_1608Metric' non corrisponde alla copia nella libreria 'Library'
    Local override; warning
    @(109.9250 mm, 87.7500 mm): Footprint R8
[lib_footprint_mismatch]: I'impronta 'R_0603_1608Metric' non corrisponde alla copia nella libreria 'Library'
    Local override; warning
    @(163.5216 mm, 79.2224 mm): Footprint R4
[lib_footprint_mismatch]: I'impronta 'C_0603_1608Metric_Pad1.08x0.95mm_HandSolder' non corrisponde alla copia nella libreria 'Library'
    Local override; warning
    @(109.2500 mm, 107.2500 mm): Footprint C37
[lib_footprint_mismatch]: I'impronta 'R_0603_1608Metric' non corrisponde alla copia nella libreria 'Library'
    Local override; warning
    @(121.7205 mm, 88.4900 mm): Footprint R6
[lib_footprint_mismatch]: I'impronta 'R_0603_1608Metric' non corrisponde alla copia nella libreria 'Library'
    Local override; warning
    @(117.5455 mm, 85.2500 mm): Footprint R10
[lib_footprint_mismatch]: I'impronta 'SOD-523_L1.2-W0.8-LS1.6-BI' non corrisponde alla copia nella libreria 'Library'
    Local override; warning
    @(179.9317 mm, 104.5117 mm): Footprint D2
[lib_footprint_mismatch]: I'impronta 'C_0603_1608Metric_Pad1.08x0.95mm_HandSolder' non corrisponde alla copia nella libreria 'Library'
    Local override; warning
    @(142.1375 mm, 82.5100 mm): Footprint C35
[lib_footprint_mismatch]: I'impronta 'SOD-523_L1.2-W0.8-LS1.6-BI' non corrisponde alla copia nella libreria 'Library'
    Local override; warning
    @(176.8255 mm, 104.5117 mm): Footprint D4
[lib_footprint_mismatch]: I'impronta 'C_0603_1608Metric_Pad1.08x0.95mm_HandSolder' non corrisponde alla copia nella libreria 'Library'
    Local override; warning
    @(156.8725 mm, 87.1375 mm): Footprint C28
[lib_footprint_mismatch]: I'impronta 'R_0603_1608Metric' non corrisponde alla copia nella libreria 'Library'
    Local override; warning
    @(163.4750 mm, 76.7500 mm): Footprint R3
[lib_footprint_mismatch]: I'impronta 'R_0603_1608Metric' non corrisponde alla copia nella libreria 'Library'
    Local override; warning
    @(131.2250 mm, 79.8000 mm): Footprint R5
[lib_footprint_mismatch]: I'impronta 'C_0603_1608Metric_Pad1.08x0.95mm_HandSolder' non corrisponde alla copia nella libreria 'Library'
    Local override; warning
    @(185.3875 mm, 70.3500 mm): Footprint C27
[lib_footprint_mismatch]: I'impronta 'C_0805_2012Metric' non corrisponde alla copia nella libreria 'Library'
    Local override; warning
    @(101.4125 mm, 107.0000 mm): Footprint C19
[lib_footprint_mismatch]: I'impronta 'C_0603_1608Metric_Pad1.08x0.95mm_HandSolder' non corrisponde alla copia nella libreria 'Library'
    Local override; warning
    @(180.1375 mm, 70.3500 mm): Footprint C26
[lib_footprint_mismatch]: I'impronta 'L0603' non corrisponde alla copia nella libreria 'Library'
    Local override; warning
    @(118.8000 mm, 70.5000 mm): Footprint FB1
[lib_footprint_mismatch]: I'impronta 'C_0603_1608Metric_Pad1.08x0.95mm_HandSolder' non corrisponde alla copia nella libreria 'Library'
    Local override; warning
    @(142.1375 mm, 111.5000 mm): Footprint C39
[lib_footprint_mismatch]: I'impronta 'C_0603_1608Metric_Pad1.08x0.95mm_HandSolder' non corrisponde alla copia nella libreria 'Library'
    Local override; warning
    @(159.2500 mm, 87.1375 mm): Footprint C29
[lib_footprint_mismatch]: I'impronta 'C_0805_2012Metric' non corrisponde alla copia nella libreria 'Library'
    Local override; warning
    @(171.0000 mm, 104.0000 mm): Footprint C33
[lib_footprint_mismatch]: I'impronta 'R_0603_1608Metric' non corrisponde alla copia nella libreria 'Library'
    Local override; warning
    @(165.0000 mm, 91.5000 mm): Footprint R32
[lib_footprint_mismatch]: I'impronta 'C_0603_1608Metric_Pad1.08x0.95mm_HandSolder' non corrisponde alla copia nella libreria 'Library'
    Local override; warning
    @(180.0000 mm, 99.0000 mm): Footprint C41
[lib_footprint_mismatch]: I'impronta 'SOD-523_L1.2-W0.8-LS1.6-BI' non corrisponde alla copia nella libreria 'Library'
    Local override; warning
    @(167.7500 mm, 94.0000 mm): Footprint D7
[lib_footprint_mismatch]: I'impronta 'C_0603_1608Metric_Pad1.08x0.95mm_HandSolder' non corrisponde alla copia nella libreria 'Library'
    Local override; warning
    @(167.2500 mm, 89.0000 mm): Footprint C32
[lib_footprint_mismatch]: I'impronta 'R_0603_1608Metric' non corrisponde alla copia nella libreria 'Library'
    Local override; warning
    @(167.7500 mm, 98.7500 mm): Footprint R33
[lib_footprint_mismatch]: I'impronta 'L0603' non corrisponde alla copia nella libreria 'Library'
    Local override; warning
    @(171.0000 mm, 92.5000 mm): Footprint FB2
[lib_footprint_mismatch]: I'impronta 'R_0603_1608Metric' non corrisponde alla copia nella libreria 'Library'
    Local override; warning
    @(171.0000 mm, 96.5750 mm): Footprint R35
[lib_footprint_mismatch]: I'impronta 'SOD-523_L1.2-W0.8-LS1.6-BI' non corrisponde alla copia nella libreria 'Library'
    Local override; warning
    @(167.7500 mm, 96.2500 mm): Footprint D6
[lib_footprint_mismatch]: I'impronta 'TF-SMD_TF-PUSH' non corrisponde alla copia nella libreria 'Library'
    Local override; warning
    @(180.0000 mm, 97.0000 mm): Footprint CARD1
[lib_footprint_mismatch]: I'impronta 'R_0603_1608Metric' non corrisponde alla copia nella libreria 'Library'
    Local override; warning
    @(163.0000 mm, 89.0000 mm): Footprint R31
[lib_footprint_mismatch]: I'impronta 'SOD-523_L1.2-W0.8-LS1.6-BI' non corrisponde alla copia nella libreria 'Library'
    Local override; warning
    @(165.0000 mm, 94.0000 mm): Footprint D5
[lib_footprint_mismatch]: I'impronta 'R_0603_1608Metric' non corrisponde alla copia nella libreria 'Library'
    Local override; warning
    @(171.0000 mm, 89.0000 mm): Footprint R34
[lib_footprint_mismatch]: I'impronta 'TSSOP-14_L5.0-W4.4-P0.65-LS6.4-BL' non corrisponde alla copia nella libreria 'Library'
    Local override; warning
    @(161.0000 mm, 96.5000 mm): Footprint U9
[lib_footprint_mismatch]: I'impronta 'C_0603_1608Metric_Pad1.08x0.95mm_HandSolder' non corrisponde alla copia nella libreria 'Library'
    Local override; warning
    @(171.0000 mm, 100.7421 mm): Footprint C34
[text_thickness]: Spessore testo fuori campo (vincoli impostazioni scheda spessore testo serigrafia spess. min 0,0800 mm; effettivo 0,0750 mm)
    Rule: vincoli impostazioni scheda spessore testo serigrafia; warning
    @(156.2500 mm, 67.2500 mm): PCB text '// Galvanic Isolation SPI Bridge – ADuM3151
// 33 Ω + 33 pF filters on SCLK_A, MOSI_A, CS_A
' on F.Silkscreen
[text_height]: Altezza testo fuori campo (vincoli impostazioni scheda altezza testo serigrafia alt. min 0,8000 mm; effettivo 0,3000 mm)
    Rule: vincoli impostazioni scheda altezza testo serigrafia; warning
    @(156.2500 mm, 67.2500 mm): PCB text '// Galvanic Isolation SPI Bridge – ADuM3151
// 33 Ω + 33 pF filters on SCLK_A, MOSI_A, CS_A
' on F.Silkscreen
[text_thickness]: Spessore testo fuori campo (font caratteri TrueType con peso tratto insufficiente)
    Rule: vincoli impostazioni scheda spessore testo serigrafia; warning
    @(110.0000 mm, 114.0000 mm): PCB text 'EPYX DIGITAL VER. 3.0
BP 2026' on F.Silkscreen
[text_height]: Altezza testo fuori campo (vincoli impostazioni scheda altezza testo serigrafia alt. min 0,8000 mm; effettivo 0,4000 mm)
    Rule: vincoli impostazioni scheda altezza testo serigrafia; warning
    @(114.7500 mm, 93.2500 mm): Reference field of U7
[text_height]: Altezza testo fuori campo (vincoli impostazioni scheda altezza testo serigrafia alt. min 0,8000 mm; effettivo 0,4000 mm)
    Rule: vincoli impostazioni scheda altezza testo serigrafia; warning
    @(113.2500 mm, 98.5000 mm): Value field of U7 (BQ24074)
[text_height]: Altezza testo fuori campo (vincoli impostazioni scheda altezza testo serigrafia alt. min 0,8000 mm; effettivo 0,4000 mm)
    Rule: vincoli impostazioni scheda altezza testo serigrafia; warning
    @(163.2500 mm, 68.5000 mm): Reference field of C6
[text_height]: Altezza testo fuori campo (vincoli impostazioni scheda altezza testo serigrafia alt. min 0,8000 mm; effettivo 0,4000 mm)
    Rule: vincoli impostazioni scheda altezza testo serigrafia; warning
    @(111.5000 mm, 100.0000 mm): Reference field of R15
[text_height]: Altezza testo fuori campo (vincoli impostazioni scheda altezza testo serigrafia alt. min 0,8000 mm; effettivo 0,4000 mm)
    Rule: vincoli impostazioni scheda altezza testo serigrafia; warning
    @(155.2500 mm, 71.5000 mm): Reference field of U1
[text_height]: Altezza testo fuori campo (vincoli impostazioni scheda altezza testo serigrafia alt. min 0,8000 mm; effettivo 0,4000 mm)
    Rule: vincoli impostazioni scheda altezza testo serigrafia; warning
    @(158.2500 mm, 80.2500 mm): Value field of U1 (ADUM3151BRSZ-RL7)
[text_height]: Altezza testo fuori campo (vincoli impostazioni scheda altezza testo serigrafia alt. min 0,8000 mm; effettivo 0,4000 mm)
    Rule: vincoli impostazioni scheda altezza testo serigrafia; warning
    @(105.3625 mm, 105.5000 mm): Reference field of C22
[text_height]: Altezza testo fuori campo (vincoli impostazioni scheda altezza testo serigrafia alt. min 0,8000 mm; effettivo 0,4000 mm)
    Rule: vincoli impostazioni scheda altezza testo serigrafia; warning
    @(156.1750 mm, 68.3200 mm): Reference field of R1
[text_height]: Altezza testo fuori campo (vincoli impostazioni scheda altezza testo serigrafia alt. min 0,8000 mm; effettivo 0,4000 mm)
    Rule: vincoli impostazioni scheda altezza testo serigrafia; warning
    @(163.5107 mm, 80.6820 mm): Reference field of R2
[text_height]: Altezza testo fuori campo (vincoli impostazioni scheda altezza testo serigrafia alt. min 0,8000 mm; effettivo 0,4000 mm)
    Rule: vincoli impostazioni scheda altezza testo serigrafia; warning
    @(119.5000 mm, 89.7500 mm): Reference field of R7
[text_height]: Altezza testo fuori campo (vincoli impostazioni scheda altezza testo serigrafia alt. min 0,8000 mm; effettivo 0,4000 mm)
    Rule: vincoli impostazioni scheda altezza testo serigrafia; warning
    @(186.0000 mm, 100.5000 mm): Reference field of D1
[text_height]: Altezza testo fuori campo (vincoli impostazioni scheda altezza testo serigrafia alt. min 0,8000 mm; effettivo 0,4000 mm)
    Rule: vincoli impostazioni scheda altezza testo serigrafia; warning
    @(152.1575 mm, 98.5000 mm): Reference field of R50
[text_height]: Altezza testo fuori campo (vincoli impostazioni scheda altezza testo serigrafia alt. min 0,8000 mm; effettivo 0,4000 mm)
    Rule: vincoli impostazioni scheda altezza testo serigrafia; warning
    @(103.1500 mm, 82.8490 mm): Reference field of L1
[text_thickness]: Spessore testo fuori campo (vincoli impostazioni scheda spessore testo serigrafia spess. min 0,0800 mm; effettivo 0,0750 mm)
    Rule: vincoli impostazioni scheda spessore testo serigrafia; warning
    @(105.9000 mm, 82.0000 mm): Value field of L1 (2.2uH -ZNR3015ST2R2M)
[text_height]: Altezza testo fuori campo (vincoli impostazioni scheda altezza testo serigrafia alt. min 0,8000 mm; effettivo 0,4000 mm)
    Rule: vincoli impostazioni scheda altezza testo serigrafia; warning
    @(105.9000 mm, 82.0000 mm): Value field of L1 (2.2uH -ZNR3015ST2R2M)
[text_height]: Altezza testo fuori campo (vincoli impostazioni scheda altezza testo serigrafia alt. min 0,8000 mm; effettivo 0,4000 mm)
    Rule: vincoli impostazioni scheda altezza testo serigrafia; warning
    @(142.1375 mm, 84.0100 mm): Reference field of C36
[text_height]: Altezza testo fuori campo (vincoli impostazioni scheda altezza testo serigrafia alt. min 0,8000 mm; effettivo 0,4000 mm)
    Rule: vincoli impostazioni scheda altezza testo serigrafia; warning
    @(155.1800 mm, 102.8375 mm): Reference field of R38
[text_height]: Altezza testo fuori campo (vincoli impostazioni scheda altezza testo serigrafia alt. min 0,8000 mm; effettivo 0,4000 mm)
    Rule: vincoli impostazioni scheda altezza testo serigrafia; warning
    @(167.5000 mm, 76.5000 mm): Reference field of C25
[text_height]: Altezza testo fuori campo (vincoli impostazioni scheda altezza testo serigrafia alt. min 0,8000 mm; effettivo 0,4000 mm)
    Rule: vincoli impostazioni scheda altezza testo serigrafia; warning
    @(98.0000 mm, 104.5000 mm): Reference field of CONN2
[text_height]: Altezza testo fuori campo (vincoli impostazioni scheda altezza testo serigrafia alt. min 0,8000 mm; effettivo 0,4000 mm)
    Rule: vincoli impostazioni scheda altezza testo serigrafia; warning
    @(98.2500 mm, 97.2500 mm): Value field of CONN2 (DISPLAT+SD CONNECTOR)
[text_height]: Altezza testo fuori campo (vincoli impostazioni scheda altezza testo serigrafia alt. min 0,8000 mm; effettivo 0,4000 mm)
    Rule: vincoli impostazioni scheda altezza testo serigrafia; warning
    @(183.6800 mm, 94.0000 mm): Reference field of R26
[text_height]: Altezza testo fuori campo (vincoli impostazioni scheda altezza testo serigrafia alt. min 0,8000 mm; effettivo 0,4000 mm)
    Rule: vincoli impostazioni scheda altezza testo serigrafia; warning
    @(149.0000 mm, 69.2517 mm): Reference field of FPC1
[text_height]: Altezza testo fuori campo (vincoli impostazioni scheda altezza testo serigrafia alt. min 0,8000 mm; effettivo 0,4000 mm)
    Rule: vincoli impostazioni scheda altezza testo serigrafia; warning
    @(158.2500 mm, 65.6392 mm): Value field of FPC1 (AD-CONNECTOR-DIGITAL)
[text_height]: Altezza testo fuori campo (vincoli impostazioni scheda altezza testo serigrafia alt. min 0,8000 mm; effettivo 0,4000 mm)
    Rule: vincoli impostazioni scheda altezza testo serigrafia; warning
    @(99.7500 mm, 91.7500 mm): Reference field of C20
[text_height]: Altezza testo fuori campo (vincoli impostazioni scheda altezza testo serigrafia alt. min 0,8000 mm; effettivo 0,4000 mm)
    Rule: vincoli impostazioni scheda altezza testo serigrafia; warning
    @(171.3875 mm, 110.0700 mm): Reference field of C38
[text_height]: Altezza testo fuori campo (vincoli impostazioni scheda altezza testo serigrafia alt. min 0,8000 mm; effettivo 0,4000 mm)
    Rule: vincoli impostazioni scheda altezza testo serigrafia; warning
    @(176.0000 mm, 86.0000 mm): Reference field of SW1
[text_height]: Altezza testo fuori campo (vincoli impostazioni scheda altezza testo serigrafia alt. min 0,8000 mm; effettivo 0,4000 mm)
    Rule: vincoli impostazioni scheda altezza testo serigrafia; warning
    @(186.7500 mm, 86.0000 mm): Value field of SW1 (Encoder SW)
[text_height]: Altezza testo fuori campo (vincoli impostazioni scheda altezza testo serigrafia alt. min 0,8000 mm; effettivo 0,4000 mm)
    Rule: vincoli impostazioni scheda altezza testo serigrafia; warning
    @(100.9785 mm, 87.2500 mm): Reference field of TH1
[text_height]: Altezza testo fuori campo (vincoli impostazioni scheda altezza testo serigrafia alt. min 0,8000 mm; effettivo 0,4000 mm)
    Rule: vincoli impostazioni scheda altezza testo serigrafia; warning
    @(163.5370 mm, 70.8824 mm): Reference field of C7
[text_height]: Altezza testo fuori campo (vincoli impostazioni scheda altezza testo serigrafia alt. min 0,8000 mm; effettivo 0,4000 mm)
    Rule: vincoli impostazioni scheda altezza testo serigrafia; warning
    @(148.5000 mm, 102.4977 mm): Reference field of Q4
[text_height]: Altezza testo fuori campo (vincoli impostazioni scheda altezza testo serigrafia alt. min 0,8000 mm; effettivo 0,4000 mm)
    Rule: vincoli impostazioni scheda altezza testo serigrafia; warning
    @(141.6650 mm, 72.5275 mm): Reference field of C8
[text_height]: Altezza testo fuori campo (vincoli impostazioni scheda altezza testo serigrafia alt. min 0,8000 mm; effettivo 0,4000 mm)
    Rule: vincoli impostazioni scheda altezza testo serigrafia; warning
    @(121.2955 mm, 84.0000 mm): Reference field of C24
[text_height]: Altezza testo fuori campo (vincoli impostazioni scheda altezza testo serigrafia alt. min 0,8000 mm; effettivo 0,4000 mm)
    Rule: vincoli impostazioni scheda altezza testo serigrafia; warning
    @(123.2250 mm, 66.0000 mm): Reference field of C13
[text_height]: Altezza testo fuori campo (vincoli impostazioni scheda altezza testo serigrafia alt. min 0,8000 mm; effettivo 0,4000 mm)
    Rule: vincoli impostazioni scheda altezza testo serigrafia; warning
    @(148.5000 mm, 95.6977 mm): Reference field of Q3
[text_height]: Altezza testo fuori campo (vincoli impostazioni scheda altezza testo serigrafia alt. min 0,8000 mm; effettivo 0,4000 mm)
    Rule: vincoli impostazioni scheda altezza testo serigrafia; warning
    @(134.7250 mm, 110.0700 mm): Reference field of R52
[text_height]: Altezza testo fuori campo (vincoli impostazioni scheda altezza testo serigrafia alt. min 0,8000 mm; effettivo 0,4000 mm)
    Rule: vincoli impostazioni scheda altezza testo serigrafia; warning
    @(110.2500 mm, 86.5000 mm): Reference field of R8
[text_height]: Altezza testo fuori campo (vincoli impostazioni scheda altezza testo serigrafia alt. min 0,8000 mm; effettivo 0,4000 mm)
    Rule: vincoli impostazioni scheda altezza testo serigrafia; warning
    @(163.5216 mm, 77.9724 mm): Reference field of R4
[text_height]: Altezza testo fuori campo (vincoli impostazioni scheda altezza testo serigrafia alt. min 0,8000 mm; effettivo 0,4000 mm)
    Rule: vincoli impostazioni scheda altezza testo serigrafia; warning
    @(155.5000 mm, 92.0000 mm): Reference field of LED2
[text_height]: Altezza testo fuori campo (vincoli impostazioni scheda altezza testo serigrafia alt. min 0,8000 mm; effettivo 0,4000 mm)
    Rule: vincoli impostazioni scheda altezza testo serigrafia; warning
    @(104.2500 mm, 94.2500 mm): Reference field of R12
[text_height]: Altezza testo fuori campo (vincoli impostazioni scheda altezza testo serigrafia alt. min 0,8000 mm; effettivo 0,4000 mm)
    Rule: vincoli impostazioni scheda altezza testo serigrafia; warning
    @(113.0000 mm, 88.0000 mm): Reference field of R9
[text_height]: Altezza testo fuori campo (vincoli impostazioni scheda altezza testo serigrafia alt. min 0,8000 mm; effettivo 0,4000 mm)
    Rule: vincoli impostazioni scheda altezza testo serigrafia; warning
    @(107.1625 mm, 108.7500 mm): Reference field of R47
[text_height]: Altezza testo fuori campo (vincoli impostazioni scheda altezza testo serigrafia alt. min 0,8000 mm; effettivo 0,4000 mm)
    Rule: vincoli impostazioni scheda altezza testo serigrafia; warning
    @(116.5759 mm, 87.2500 mm): Reference field of U6
[text_thickness]: Spessore testo fuori campo (vincoli impostazioni scheda spessore testo serigrafia spess. min 0,0800 mm; effettivo 0,0750 mm)
    Rule: vincoli impostazioni scheda spessore testo serigrafia; warning
    @(120.0000 mm, 92.2500 mm): Value field of U6 (BQ27421-G1A)
[text_height]: Altezza testo fuori campo (vincoli impostazioni scheda altezza testo serigrafia alt. min 0,8000 mm; effettivo 0,4000 mm)
    Rule: vincoli impostazioni scheda altezza testo serigrafia; warning
    @(120.0000 mm, 92.2500 mm): Value field of U6 (BQ27421-G1A)
[text_height]: Altezza testo fuori campo (vincoli impostazioni scheda altezza testo serigrafia alt. min 0,8000 mm; effettivo 0,4000 mm)
    Rule: vincoli impostazioni scheda altezza testo serigrafia; warning
    @(109.2500 mm, 106.0000 mm): Reference field of C37
[text_height]: Altezza testo fuori campo (vincoli impostazioni scheda altezza testo serigrafia alt. min 0,8000 mm; effettivo 0,4000 mm)
    Rule: vincoli impostazioni scheda altezza testo serigrafia; warning
    @(165.0000 mm, 95.4125 mm): Reference field of R37
[text_height]: Altezza testo fuori campo (vincoli impostazioni scheda altezza testo serigrafia alt. min 0,8000 mm; effettivo 0,4000 mm)
    Rule: vincoli impostazioni scheda altezza testo serigrafia; warning
    @(119.5000 mm, 88.0000 mm): Reference field of R6
[text_height]: Altezza testo fuori campo (vincoli impostazioni scheda altezza testo serigrafia alt. min 0,8000 mm; effettivo 0,4000 mm)
    Rule: vincoli impostazioni scheda altezza testo serigrafia; warning
    @(183.5624 mm, 103.2617 mm): Reference field of R25
[text_height]: Altezza testo fuori campo (vincoli impostazioni scheda altezza testo serigrafia alt. min 0,8000 mm; effettivo 0,4000 mm)
    Rule: vincoli impostazioni scheda altezza testo serigrafia; warning
    @(182.2500 mm, 100.0000 mm): Reference field of C31
[text_height]: Altezza testo fuori campo (vincoli impostazioni scheda altezza testo serigrafia alt. min 0,8000 mm; effettivo 0,4000 mm)
    Rule: vincoli impostazioni scheda altezza testo serigrafia; warning
    @(117.5455 mm, 84.0000 mm): Reference field of R10
[text_height]: Altezza testo fuori campo (vincoli impostazioni scheda altezza testo serigrafia alt. min 0,8000 mm; effettivo 0,4000 mm)
    Rule: vincoli impostazioni scheda altezza testo serigrafia; warning
    @(99.7000 mm, 89.2500 mm): Reference field of C23
[text_height]: Altezza testo fuori campo (vincoli impostazioni scheda altezza testo serigrafia alt. min 0,8000 mm; effettivo 0,4000 mm)
    Rule: vincoli impostazioni scheda altezza testo serigrafia; warning
    @(123.2250 mm, 69.0000 mm): Reference field of C17
[text_height]: Altezza testo fuori campo (vincoli impostazioni scheda altezza testo serigrafia alt. min 0,8000 mm; effettivo 0,4000 mm)
    Rule: vincoli impostazioni scheda altezza testo serigrafia; warning
    @(178.7500 mm, 103.2500 mm): Reference field of D2
[text_height]: Altezza testo fuori campo (vincoli impostazioni scheda altezza testo serigrafia alt. min 0,8000 mm; effettivo 0,4000 mm)
    Rule: vincoli impostazioni scheda altezza testo serigrafia; warning
    @(121.6330 mm, 80.8200 mm): Reference field of R43
[text_height]: Altezza testo fuori campo (vincoli impostazioni scheda altezza testo serigrafia alt. min 0,8000 mm; effettivo 0,4000 mm)
    Rule: vincoli impostazioni scheda altezza testo serigrafia; warning
    @(107.7500 mm, 89.2500 mm): Reference field of U5
[text_height]: Altezza testo fuori campo (vincoli impostazioni scheda altezza testo serigrafia alt. min 0,8000 mm; effettivo 0,4000 mm)
    Rule: vincoli impostazioni scheda altezza testo serigrafia; warning
    @(142.1375 mm, 81.0100 mm): Reference field of C35
[text_height]: Altezza testo fuori campo (vincoli impostazioni scheda altezza testo serigrafia alt. min 0,8000 mm; effettivo 0,4000 mm)
    Rule: vincoli impostazioni scheda altezza testo serigrafia; warning
    @(133.1571 mm, 83.9744 mm): Reference field of R45
[text_height]: Altezza testo fuori campo (vincoli impostazioni scheda altezza testo serigrafia alt. min 0,8000 mm; effettivo 0,4000 mm)
    Rule: vincoli impostazioni scheda altezza testo serigrafia; warning
    @(175.7500 mm, 103.2500 mm): Reference field of D4
[text_height]: Altezza testo fuori campo (vincoli impostazioni scheda altezza testo serigrafia alt. min 0,8000 mm; effettivo 0,4000 mm)
    Rule: vincoli impostazioni scheda altezza testo serigrafia; warning
    @(156.7450 mm, 84.8625 mm): Reference field of C28
[text_height]: Altezza testo fuori campo (vincoli impostazioni scheda altezza testo serigrafia alt. min 0,8000 mm; effettivo 0,4000 mm)
    Rule: vincoli impostazioni scheda altezza testo serigrafia; warning
    @(154.2450 mm, 84.9125 mm): Reference field of R39
[text_height]: Altezza testo fuori campo (vincoli impostazioni scheda altezza testo serigrafia alt. min 0,8000 mm; effettivo 0,4000 mm)
    Rule: vincoli impostazioni scheda altezza testo serigrafia; warning
    @(98.7650 mm, 111.0500 mm): Reference field of Q5
[text_height]: Altezza testo fuori campo (vincoli impostazioni scheda altezza testo serigrafia alt. min 0,8000 mm; effettivo 0,4000 mm)
    Rule: vincoli impostazioni scheda altezza testo serigrafia; warning
    @(100.2650 mm, 113.3875 mm): Value field of Q5 (BC856B,215)
[text_height]: Altezza testo fuori campo (vincoli impostazioni scheda altezza testo serigrafia alt. min 0,8000 mm; effettivo 0,4000 mm)
    Rule: vincoli impostazioni scheda altezza testo serigrafia; warning
    @(182.5000 mm, 97.2500 mm): Reference field of C30
[text_height]: Altezza testo fuori campo (vincoli impostazioni scheda altezza testo serigrafia alt. min 0,8000 mm; effettivo 0,4000 mm)
    Rule: vincoli impostazioni scheda altezza testo serigrafia; warning
    @(121.5000 mm, 100.0875 mm): Reference field of R44
[text_height]: Altezza testo fuori campo (vincoli impostazioni scheda altezza testo serigrafia alt. min 0,8000 mm; effettivo 0,4000 mm)
    Rule: vincoli impostazioni scheda altezza testo serigrafia; warning
    @(170.7500 mm, 94.5000 mm): Reference field of R30
[text_height]: Altezza testo fuori campo (vincoli impostazioni scheda altezza testo serigrafia alt. min 0,8000 mm; effettivo 0,4000 mm)
    Rule: vincoli impostazioni scheda altezza testo serigrafia; warning
    @(106.0700 mm, 98.2500 mm): Reference field of R13
[text_height]: Altezza testo fuori campo (vincoli impostazioni scheda altezza testo serigrafia alt. min 0,8000 mm; effettivo 0,4000 mm)
    Rule: vincoli impostazioni scheda altezza testo serigrafia; warning
    @(125.1330 mm, 83.7500 mm): Reference field of R48
[text_height]: Altezza testo fuori campo (vincoli impostazioni scheda altezza testo serigrafia alt. min 0,8000 mm; effettivo 0,4000 mm)
    Rule: vincoli impostazioni scheda altezza testo serigrafia; warning
    @(155.7500 mm, 81.0000 mm): Reference field of C11
[text_height]: Altezza testo fuori campo (vincoli impostazioni scheda altezza testo serigrafia alt. min 0,8000 mm; effettivo 0,4000 mm)
    Rule: vincoli impostazioni scheda altezza testo serigrafia; warning
    @(176.2500 mm, 100.5000 mm): Reference field of D3
[text_height]: Altezza testo fuori campo (vincoli impostazioni scheda altezza testo serigrafia alt. min 0,8000 mm; effettivo 0,4000 mm)
    Rule: vincoli impostazioni scheda altezza testo serigrafia; warning
    @(93.5000 mm, 109.2500 mm): Reference field of H3
[text_height]: Altezza testo fuori campo (vincoli impostazioni scheda altezza testo serigrafia alt. min 0,8000 mm; effettivo 0,4000 mm)
    Rule: vincoli impostazioni scheda altezza testo serigrafia; warning
    @(154.1250 mm, 109.0000 mm): Reference field of SW3
[text_height]: Altezza testo fuori campo (vincoli impostazioni scheda altezza testo serigrafia alt. min 0,8000 mm; effettivo 0,4000 mm)
    Rule: vincoli impostazioni scheda altezza testo serigrafia; warning
    @(163.4800 mm, 75.5405 mm): Reference field of R3
[text_height]: Altezza testo fuori campo (vincoli impostazioni scheda altezza testo serigrafia alt. min 0,8000 mm; effettivo 0,4000 mm)
    Rule: vincoli impostazioni scheda altezza testo serigrafia; warning
    @(163.4532 mm, 73.1306 mm): Reference field of C5
[text_height]: Altezza testo fuori campo (vincoli impostazioni scheda altezza testo serigrafia alt. min 0,8000 mm; effettivo 0,4000 mm)
    Rule: vincoli impostazioni scheda altezza testo serigrafia; warning
    @(131.2250 mm, 73.0500 mm): Reference field of R5
[text_height]: Altezza testo fuori campo (vincoli impostazioni scheda altezza testo serigrafia alt. min 0,8000 mm; effettivo 0,4000 mm)
    Rule: vincoli impostazioni scheda altezza testo serigrafia; warning
    @(155.7500 mm, 95.5875 mm): Reference field of R36
[text_height]: Altezza testo fuori campo (vincoli impostazioni scheda altezza testo serigrafia alt. min 0,8000 mm; effettivo 0,4000 mm)
    Rule: vincoli impostazioni scheda altezza testo serigrafia; warning
    @(187.2500 mm, 109.1500 mm): Reference field of H4
[text_height]: Altezza testo fuori campo (vincoli impostazioni scheda altezza testo serigrafia alt. min 0,8000 mm; effettivo 0,4000 mm)
    Rule: vincoli impostazioni scheda altezza testo serigrafia; warning
    @(168.0000 mm, 93.6750 mm): Reference field of R29
[text_height]: Altezza testo fuori campo (vincoli impostazioni scheda altezza testo serigrafia alt. min 0,8000 mm; effettivo 0,4000 mm)
    Rule: vincoli impostazioni scheda altezza testo serigrafia; warning
    @(185.3875 mm, 69.0000 mm): Reference field of C27
[text_height]: Altezza testo fuori campo (vincoli impostazioni scheda altezza testo serigrafia alt. min 0,8000 mm; effettivo 0,4000 mm)
    Rule: vincoli impostazioni scheda altezza testo serigrafia; warning
    @(173.2500 mm, 103.2500 mm): Reference field of R28
[text_height]: Altezza testo fuori campo (vincoli impostazioni scheda altezza testo serigrafia alt. min 0,8000 mm; effettivo 0,4000 mm)
    Rule: vincoli impostazioni scheda altezza testo serigrafia; warning
    @(167.5000 mm, 79.2500 mm): Reference field of R20
[text_height]: Altezza testo fuori campo (vincoli impostazioni scheda altezza testo serigrafia alt. min 0,8000 mm; effettivo 0,4000 mm)
    Rule: vincoli impostazioni scheda altezza testo serigrafia; warning
    @(161.6250 mm, 109.0000 mm): Reference field of SW2
[text_height]: Altezza testo fuori campo (vincoli impostazioni scheda altezza testo serigrafia alt. min 0,8000 mm; effettivo 0,4000 mm)
    Rule: vincoli impostazioni scheda altezza testo serigrafia; warning
    @(102.2500 mm, 105.5000 mm): Reference field of C19
[text_height]: Altezza testo fuori campo (vincoli impostazioni scheda altezza testo serigrafia alt. min 0,8000 mm; effettivo 0,4000 mm)
    Rule: vincoli impostazioni scheda altezza testo serigrafia; warning
    @(116.7500 mm, 93.5000 mm): Reference field of R18
[text_height]: Altezza testo fuori campo (vincoli impostazioni scheda altezza testo serigrafia alt. min 0,8000 mm; effettivo 0,4000 mm)
    Rule: vincoli impostazioni scheda altezza testo serigrafia; warning
    @(146.5625 mm, 88.6375 mm): Reference field of U10
[text_height]: Altezza testo fuori campo (vincoli impostazioni scheda altezza testo serigrafia alt. min 0,8000 mm; effettivo 0,4000 mm)
    Rule: vincoli impostazioni scheda altezza testo serigrafia; warning
    @(120.8500 mm, 109.2500 mm): Value field of U10 (ESP32-WROOM-32U-N4)
[text_height]: Altezza testo fuori campo (vincoli impostazioni scheda altezza testo serigrafia alt. min 0,8000 mm; effettivo 0,4000 mm)
    Rule: vincoli impostazioni scheda altezza testo serigrafia; warning
    @(137.2750 mm, 73.0500 mm): Reference field of C9
[text_height]: Altezza testo fuori campo (vincoli impostazioni scheda altezza testo serigrafia alt. min 0,8000 mm; effettivo 0,4000 mm)
    Rule: vincoli impostazioni scheda altezza testo serigrafia; warning
    @(104.2304 mm, 96.9001 mm): Reference field of R14
[text_height]: Altezza testo fuori campo (vincoli impostazioni scheda altezza testo serigrafia alt. min 0,8000 mm; effettivo 0,4000 mm)
    Rule: vincoli impostazioni scheda altezza testo serigrafia; warning
    @(121.5000 mm, 95.5875 mm): Reference field of C21
[text_height]: Altezza testo fuori campo (vincoli impostazioni scheda altezza testo serigrafia alt. min 0,8000 mm; effettivo 0,4000 mm)
    Rule: vincoli impostazioni scheda altezza testo serigrafia; warning
    @(180.1375 mm, 69.0000 mm): Reference field of C26
[text_height]: Altezza testo fuori campo (vincoli impostazioni scheda altezza testo serigrafia alt. min 0,8000 mm; effettivo 0,4000 mm)
    Rule: vincoli impostazioni scheda altezza testo serigrafia; warning
    @(128.4750 mm, 110.0700 mm): Reference field of R51
[text_height]: Altezza testo fuori campo (vincoli impostazioni scheda altezza testo serigrafia alt. min 0,8000 mm; effettivo 0,4000 mm)
    Rule: vincoli impostazioni scheda altezza testo serigrafia; warning
    @(118.9500 mm, 65.8200 mm): Reference field of C16
[text_height]: Altezza testo fuori campo (vincoli impostazioni scheda altezza testo serigrafia alt. min 0,8000 mm; effettivo 0,4000 mm)
    Rule: vincoli impostazioni scheda altezza testo serigrafia; warning
    @(106.5000 mm, 100.5000 mm): Reference field of Q1
[text_height]: Altezza testo fuori campo (vincoli impostazioni scheda altezza testo serigrafia alt. min 0,8000 mm; effettivo 0,4000 mm)
    Rule: vincoli impostazioni scheda altezza testo serigrafia; warning
    @(179.0000 mm, 87.7500 mm): Reference field of R21
[text_height]: Altezza testo fuori campo (vincoli impostazioni scheda altezza testo serigrafia alt. min 0,8000 mm; effettivo 0,4000 mm)
    Rule: vincoli impostazioni scheda altezza testo serigrafia; warning
    @(159.2450 mm, 92.0000 mm): Reference field of LED1
[text_height]: Altezza testo fuori campo (vincoli impostazioni scheda altezza testo serigrafia alt. min 0,8000 mm; effettivo 0,4000 mm)
    Rule: vincoli impostazioni scheda altezza testo serigrafia; warning
    @(119.5000 mm, 100.5000 mm): Reference field of Q2
[text_height]: Altezza testo fuori campo (vincoli impostazioni scheda altezza testo serigrafia alt. min 0,8000 mm; effettivo 0,4000 mm)
    Rule: vincoli impostazioni scheda altezza testo serigrafia; warning
    @(185.9300 mm, 107.2500 mm): Reference field of USB1
[text_height]: Altezza testo fuori campo (vincoli impostazioni scheda altezza testo serigrafia alt. min 0,8000 mm; effettivo 0,4000 mm)
    Rule: vincoli impostazioni scheda altezza testo serigrafia; warning
    @(179.7500 mm, 93.5000 mm): Reference field of U8
[text_height]: Altezza testo fuori campo (vincoli impostazioni scheda altezza testo serigrafia alt. min 0,8000 mm; effettivo 0,4000 mm)
    Rule: vincoli impostazioni scheda altezza testo serigrafia; warning
    @(148.0000 mm, 72.2000 mm): Reference field of C3
[text_height]: Altezza testo fuori campo (vincoli impostazioni scheda altezza testo serigrafia alt. min 0,8000 mm; effettivo 0,4000 mm)
    Rule: vincoli impostazioni scheda altezza testo serigrafia; warning
    @(184.2500 mm, 87.5000 mm): Reference field of R22
[text_height]: Altezza testo fuori campo (vincoli impostazioni scheda altezza testo serigrafia alt. min 0,8000 mm; effettivo 0,4000 mm)
    Rule: vincoli impostazioni scheda altezza testo serigrafia; warning
    @(184.2500 mm, 64.0000 mm): Reference field of H2
[text_height]: Altezza testo fuori campo (vincoli impostazioni scheda altezza testo serigrafia alt. min 0,8000 mm; effettivo 0,4000 mm)
    Rule: vincoli impostazioni scheda altezza testo serigrafia; warning
    @(105.7500 mm, 92.2500 mm): Reference field of R16
[text_height]: Altezza testo fuori campo (vincoli impostazioni scheda altezza testo serigrafia alt. min 0,8000 mm; effettivo 0,4000 mm)
    Rule: vincoli impostazioni scheda altezza testo serigrafia; warning
    @(119.5000 mm, 77.3200 mm): Reference field of C18
[text_height]: Altezza testo fuori campo (vincoli impostazioni scheda altezza testo serigrafia alt. min 0,8000 mm; effettivo 0,4000 mm)
    Rule: vincoli impostazioni scheda altezza testo serigrafia; warning
    @(171.0000 mm, 103.5000 mm): Reference field of F1
[text_height]: Altezza testo fuori campo (vincoli impostazioni scheda altezza testo serigrafia alt. min 0,8000 mm; effettivo 0,4000 mm)
    Rule: vincoli impostazioni scheda altezza testo serigrafia; warning
    @(165.4000 mm, 100.5000 mm): Value field of F1 (PTC 1206 1.1A)
[text_height]: Altezza testo fuori campo (vincoli impostazioni scheda altezza testo serigrafia alt. min 0,8000 mm; effettivo 0,4000 mm)
    Rule: vincoli impostazioni scheda altezza testo serigrafia; warning
    @(107.5000 mm, 92.5000 mm): Reference field of R11
[text_height]: Altezza testo fuori campo (vincoli impostazioni scheda altezza testo serigrafia alt. min 0,8000 mm; effettivo 0,4000 mm)
    Rule: vincoli impostazioni scheda altezza testo serigrafia; warning
    @(93.5000 mm, 68.7500 mm): Reference field of H1
[text_height]: Altezza testo fuori campo (vincoli impostazioni scheda altezza testo serigrafia alt. min 0,8000 mm; effettivo 0,4000 mm)
    Rule: vincoli impostazioni scheda altezza testo serigrafia; warning
    @(172.7500 mm, 95.5000 mm): Reference field of R27
[text_height]: Altezza testo fuori campo (vincoli impostazioni scheda altezza testo serigrafia alt. min 0,8000 mm; effettivo 0,4000 mm)
    Rule: vincoli impostazioni scheda altezza testo serigrafia; warning
    @(151.9980 mm, 95.6826 mm): Reference field of R41
[text_height]: Altezza testo fuori campo (vincoli impostazioni scheda altezza testo serigrafia alt. min 0,8000 mm; effettivo 0,4000 mm)
    Rule: vincoli impostazioni scheda altezza testo serigrafia; warning
    @(136.8754 mm, 68.5550 mm): Reference field of U2
[text_height]: Altezza testo fuori campo (vincoli impostazioni scheda altezza testo serigrafia alt. min 0,8000 mm; effettivo 0,4000 mm)
    Rule: vincoli impostazioni scheda altezza testo serigrafia; warning
    @(161.2450 mm, 97.4125 mm): Reference field of R49
[text_height]: Altezza testo fuori campo (vincoli impostazioni scheda altezza testo serigrafia alt. min 0,8000 mm; effettivo 0,4000 mm)
    Rule: vincoli impostazioni scheda altezza testo serigrafia; warning
    @(129.2063 mm, 83.9023 mm): Reference field of R46
[text_height]: Altezza testo fuori campo (vincoli impostazioni scheda altezza testo serigrafia alt. min 0,8000 mm; effettivo 0,4000 mm)
    Rule: vincoli impostazioni scheda altezza testo serigrafia; warning
    @(95.0000 mm, 79.7500 mm): Reference field of CONN1
[text_height]: Altezza testo fuori campo (vincoli impostazioni scheda altezza testo serigrafia alt. min 0,8000 mm; effettivo 0,4000 mm)
    Rule: vincoli impostazioni scheda altezza testo serigrafia; warning
    @(93.2500 mm, 78.5000 mm): Value field of CONN1 (JST B3B-PH-KL)
[text_height]: Altezza testo fuori campo (vincoli impostazioni scheda altezza testo serigrafia alt. min 0,8000 mm; effettivo 0,4000 mm)
    Rule: vincoli impostazioni scheda altezza testo serigrafia; warning
    @(109.5000 mm, 90.2500 mm): Reference field of R17
[text_height]: Altezza testo fuori campo (vincoli impostazioni scheda altezza testo serigrafia alt. min 0,8000 mm; effettivo 0,4000 mm)
    Rule: vincoli impostazioni scheda altezza testo serigrafia; warning
    @(152.6075 mm, 80.9613 mm): Reference field of C10
[text_height]: Altezza testo fuori campo (vincoli impostazioni scheda altezza testo serigrafia alt. min 0,8000 mm; effettivo 0,4000 mm)
    Rule: vincoli impostazioni scheda altezza testo serigrafia; warning
    @(118.8000 mm, 68.7500 mm): Reference field of FB1
[text_height]: Altezza testo fuori campo (vincoli impostazioni scheda altezza testo serigrafia alt. min 0,8000 mm; effettivo 0,4000 mm)
    Rule: vincoli impostazioni scheda altezza testo serigrafia; warning
    @(117.6330 mm, 80.8200 mm): Reference field of R42
[text_height]: Altezza testo fuori campo (vincoli impostazioni scheda altezza testo serigrafia alt. min 0,8000 mm; effettivo 0,4000 mm)
    Rule: vincoli impostazioni scheda altezza testo serigrafia; warning
    @(163.4741 mm, 83.6124 mm): Reference field of C2
[text_height]: Altezza testo fuori campo (vincoli impostazioni scheda altezza testo serigrafia alt. min 0,8000 mm; effettivo 0,4000 mm)
    Rule: vincoli impostazioni scheda altezza testo serigrafia; warning
    @(104.1900 mm, 72.2750 mm): Reference field of PS1
[text_height]: Altezza testo fuori campo (vincoli impostazioni scheda altezza testo serigrafia alt. min 0,8000 mm; effettivo 0,4000 mm)
    Rule: vincoli impostazioni scheda altezza testo serigrafia; warning
    @(142.0920 mm, 110.2600 mm): Reference field of C39
[text_height]: Altezza testo fuori campo (vincoli impostazioni scheda altezza testo serigrafia alt. min 0,8000 mm; effettivo 0,4000 mm)
    Rule: vincoli impostazioni scheda altezza testo serigrafia; warning
    @(174.8375 mm, 69.0000 mm): Reference field of R23
[text_height]: Altezza testo fuori campo (vincoli impostazioni scheda altezza testo serigrafia alt. min 0,8000 mm; effettivo 0,4000 mm)
    Rule: vincoli impostazioni scheda altezza testo serigrafia; warning
    @(114.4250 mm, 68.9814 mm): Reference field of C14
[text_height]: Altezza testo fuori campo (vincoli impostazioni scheda altezza testo serigrafia alt. min 0,8000 mm; effettivo 0,4000 mm)
    Rule: vincoli impostazioni scheda altezza testo serigrafia; warning
    @(159.2553 mm, 84.9105 mm): Reference field of C29
[text_height]: Altezza testo fuori campo (vincoli impostazioni scheda altezza testo serigrafia alt. min 0,8000 mm; effettivo 0,4000 mm)
    Rule: vincoli impostazioni scheda altezza testo serigrafia; warning
    @(114.4500 mm, 65.7500 mm): Reference field of C15
[text_height]: Altezza testo fuori campo (vincoli impostazioni scheda altezza testo serigrafia alt. min 0,8000 mm; effettivo 0,4000 mm)
    Rule: vincoli impostazioni scheda altezza testo serigrafia; warning
    @(145.5000 mm, 72.0000 mm): Reference field of C4
[text_height]: Altezza testo fuori campo (vincoli impostazioni scheda altezza testo serigrafia alt. min 0,8000 mm; effettivo 0,4000 mm)
    Rule: vincoli impostazioni scheda altezza testo serigrafia; warning
    @(151.4950 mm, 84.9125 mm): Reference field of R40
[text_height]: Altezza testo fuori campo (vincoli impostazioni scheda altezza testo serigrafia alt. min 0,8000 mm; effettivo 0,4000 mm)
    Rule: vincoli impostazioni scheda altezza testo serigrafia; warning
    @(159.7250 mm, 68.3200 mm): Reference field of C1
[text_height]: Altezza testo fuori campo (vincoli impostazioni scheda altezza testo serigrafia alt. min 0,8000 mm; effettivo 0,4000 mm)
    Rule: vincoli impostazioni scheda altezza testo serigrafia; warning
    @(167.5000 mm, 73.2500 mm): Reference field of R24
[text_height]: Altezza testo fuori campo (vincoli impostazioni scheda altezza testo serigrafia alt. min 0,8000 mm; effettivo 0,4000 mm)
    Rule: vincoli impostazioni scheda altezza testo serigrafia; warning
    @(117.0500 mm, 76.4500 mm): Reference field of U4
[text_height]: Altezza testo fuori campo (vincoli impostazioni scheda altezza testo serigrafia alt. min 0,8000 mm; effettivo 0,4000 mm)
    Rule: vincoli impostazioni scheda altezza testo serigrafia; warning
    @(114.2500 mm, 100.0000 mm): Reference field of R19
[text_height]: Altezza testo fuori campo (vincoli impostazioni scheda altezza testo serigrafia alt. min 0,8000 mm; effettivo 0,4000 mm)
    Rule: vincoli impostazioni scheda altezza testo serigrafia; warning
    @(129.7204 mm, 68.5550 mm): Reference field of U3
[text_height]: Altezza testo fuori campo (vincoli impostazioni scheda altezza testo serigrafia alt. min 0,8000 mm; effettivo 0,4000 mm)
    Rule: vincoli impostazioni scheda altezza testo serigrafia; warning
    @(137.0250 mm, 65.1200 mm): Reference field of C12
[text_height]: Altezza testo fuori campo (vincoli impostazioni scheda altezza testo serigrafia alt. min 0,8000 mm; effettivo 0,4000 mm)
    Rule: vincoli impostazioni scheda altezza testo serigrafia; warning
    @(171.0000 mm, 102.3200 mm): Reference field of C33
[text_height]: Altezza testo fuori campo (vincoli impostazioni scheda altezza testo serigrafia alt. min 0,8000 mm; effettivo 0,4000 mm)
    Rule: vincoli impostazioni scheda altezza testo serigrafia; warning
    @(165.0000 mm, 90.2500 mm): Reference field of R32
[text_height]: Altezza testo fuori campo (vincoli impostazioni scheda altezza testo serigrafia alt. min 0,8000 mm; effettivo 0,4000 mm)
    Rule: vincoli impostazioni scheda altezza testo serigrafia; warning
    @(180.0000 mm, 97.5700 mm): Reference field of C41
[text_height]: Altezza testo fuori campo (vincoli impostazioni scheda altezza testo serigrafia alt. min 0,8000 mm; effettivo 0,4000 mm)
    Rule: vincoli impostazioni scheda altezza testo serigrafia; warning
    @(167.7500 mm, 93.0000 mm): Reference field of D7
[text_height]: Altezza testo fuori campo (vincoli impostazioni scheda altezza testo serigrafia alt. min 0,8000 mm; effettivo 0,4000 mm)
    Rule: vincoli impostazioni scheda altezza testo serigrafia; warning
    @(167.2500 mm, 87.5700 mm): Reference field of C32
[text_height]: Altezza testo fuori campo (vincoli impostazioni scheda altezza testo serigrafia alt. min 0,8000 mm; effettivo 0,4000 mm)
    Rule: vincoli impostazioni scheda altezza testo serigrafia; warning
    @(167.7500 mm, 97.3200 mm): Reference field of R33
[text_height]: Altezza testo fuori campo (vincoli impostazioni scheda altezza testo serigrafia alt. min 0,8000 mm; effettivo 0,4000 mm)
    Rule: vincoli impostazioni scheda altezza testo serigrafia; warning
    @(171.0500 mm, 91.2500 mm): Reference field of FB2
[text_thickness]: Spessore testo fuori campo (vincoli impostazioni scheda spessore testo serigrafia spess. min 0,0800 mm; effettivo 0,0750 mm)
    Rule: vincoli impostazioni scheda spessore testo serigrafia; warning
    @(170.5000 mm, 90.5000 mm): Value field of FB2 (Ferrite BLM18AG601SN1D)
[text_height]: Altezza testo fuori campo (vincoli impostazioni scheda altezza testo serigrafia alt. min 0,8000 mm; effettivo 0,3000 mm)
    Rule: vincoli impostazioni scheda altezza testo serigrafia; warning
    @(170.5000 mm, 90.5000 mm): Value field of FB2 (Ferrite BLM18AG601SN1D)
[text_height]: Altezza testo fuori campo (vincoli impostazioni scheda altezza testo serigrafia alt. min 0,8000 mm; effettivo 0,4000 mm)
    Rule: vincoli impostazioni scheda altezza testo serigrafia; warning
    @(171.0000 mm, 94.5000 mm): Reference field of R35
[text_height]: Altezza testo fuori campo (vincoli impostazioni scheda altezza testo serigrafia alt. min 0,8000 mm; effettivo 0,4000 mm)
    Rule: vincoli impostazioni scheda altezza testo serigrafia; warning
    @(167.7500 mm, 95.2500 mm): Reference field of D6
[text_height]: Altezza testo fuori campo (vincoli impostazioni scheda altezza testo serigrafia alt. min 0,8000 mm; effettivo 0,4000 mm)
    Rule: vincoli impostazioni scheda altezza testo serigrafia; warning
    @(173.2000 mm, 97.0000 mm): Reference field of CARD1
[text_height]: Altezza testo fuori campo (vincoli impostazioni scheda altezza testo serigrafia alt. min 0,8000 mm; effettivo 0,4000 mm)
    Rule: vincoli impostazioni scheda altezza testo serigrafia; warning
    @(163.0000 mm, 87.5700 mm): Reference field of R31
[text_height]: Altezza testo fuori campo (vincoli impostazioni scheda altezza testo serigrafia alt. min 0,8000 mm; effettivo 0,4000 mm)
    Rule: vincoli impostazioni scheda altezza testo serigrafia; warning
    @(165.0000 mm, 93.0000 mm): Reference field of D5
[text_height]: Altezza testo fuori campo (vincoli impostazioni scheda altezza testo serigrafia alt. min 0,8000 mm; effettivo 0,4000 mm)
    Rule: vincoli impostazioni scheda altezza testo serigrafia; warning
    @(171.0000 mm, 87.5700 mm): Reference field of R34
[text_height]: Altezza testo fuori campo (vincoli impostazioni scheda altezza testo serigrafia alt. min 0,8000 mm; effettivo 0,4000 mm)
    Rule: vincoli impostazioni scheda altezza testo serigrafia; warning
    @(161.0072 mm, 92.1500 mm): Reference field of U9
[text_height]: Altezza testo fuori campo (vincoli impostazioni scheda altezza testo serigrafia alt. min 0,8000 mm; effettivo 0,4000 mm)
    Rule: vincoli impostazioni scheda altezza testo serigrafia; warning
    @(171.0000 mm, 99.3121 mm): Reference field of C34
[silk_over_copper]: Silkscreen clipped by solder mask
    Local override; warning
    @(125.8600 mm, 107.2450 mm): Segment of U10 on F.Silkscreen
    @(125.7800 mm, 92.5350 mm): Pad 15 [DGND] of U10 on F.Cu
[silk_over_copper]: Silkscreen clipped by solder mask
    Local override; warning
    @(125.8600 mm, 107.2450 mm): Segment of U10 on F.Silkscreen
    @(125.7800 mm, 93.8050 mm): Pad 16 [SD_CS] of U10 on F.Cu
[silk_over_copper]: Silkscreen clipped by solder mask
    Local override; warning
    @(125.8600 mm, 107.2450 mm): Segment of U10 on F.Silkscreen
    @(125.7800 mm, 98.8850 mm): Pad 20 [unconnected-(U10-CLK-Pad20)] of U10 on F.Cu
[silk_over_copper]: Silkscreen clipped by solder mask
    Local override; warning
    @(125.8600 mm, 107.2450 mm): Segment of U10 on F.Silkscreen
    @(125.7800 mm, 100.1550 mm): Pad 21 [unconnected-(U10-SD0-Pad21)] of U10 on F.Cu
[silk_over_copper]: Silkscreen clipped by solder mask
    Local override; warning
    @(125.8600 mm, 107.2450 mm): Segment of U10 on F.Silkscreen
    @(125.7800 mm, 101.4250 mm): Pad 22 [unconnected-(U10-SD1-Pad22)] of U10 on F.Cu
[silk_over_copper]: Silkscreen clipped by solder mask
    Local override; warning
    @(125.8600 mm, 107.2450 mm): Segment of U10 on F.Silkscreen
    @(125.7800 mm, 102.6950 mm): Pad 23 [TFT CS] of U10 on F.Cu
[silk_over_copper]: Silkscreen clipped by solder mask
    Local override; warning
    @(125.8600 mm, 107.2450 mm): Segment of U10 on F.Silkscreen
    @(125.7800 mm, 103.9650 mm): Pad 24 [TFT DC] of U10 on F.Cu
[silk_over_copper]: Silkscreen clipped by solder mask
    Local override; warning
    @(125.8600 mm, 107.2450 mm): Segment of U10 on F.Silkscreen
    @(125.7800 mm, 95.0750 mm): Pad 17 [unconnected-(U10-SD2-Pad17)] of U10 on F.Cu
[silk_over_copper]: Silkscreen clipped by solder mask
    Local override; warning
    @(125.8600 mm, 107.2450 mm): Segment of U10 on F.Silkscreen
    @(125.7800 mm, 96.3450 mm): Pad 18 [unconnected-(U10-SD3-Pad18)] of U10 on F.Cu
[silk_over_copper]: Silkscreen clipped by solder mask
    Local override; warning
    @(125.8600 mm, 107.2450 mm): Segment of U10 on F.Silkscreen
    @(125.7800 mm, 97.6150 mm): Pad 19 [unconnected-(U10-CMD-Pad19)] of U10 on F.Cu
[silk_over_copper]: Silkscreen clipped by solder mask
    Local override; warning
    @(125.8600 mm, 89.2450 mm): Segment of U10 on F.Silkscreen
    @(143.8700 mm, 89.2500 mm): Pad 1 [DGND] of U10 on F.Cu
[silk_over_copper]: Silkscreen clipped by solder mask
    Local override; warning
    @(125.8600 mm, 89.2450 mm): Segment of U10 on F.Silkscreen
    @(142.6000 mm, 89.2500 mm): Pad 2 [+3V3_D] of U10 on F.Cu
[silk_over_copper]: Silkscreen clipped by solder mask
    Local override; warning
    @(125.8600 mm, 89.2450 mm): Segment of U10 on F.Silkscreen
    @(141.3300 mm, 89.2500 mm): Pad 3 [EN] of U10 on F.Cu
[silk_over_copper]: Silkscreen clipped by solder mask
    Local override; warning
    @(125.8600 mm, 89.2450 mm): Segment of U10 on F.Silkscreen
    @(140.0600 mm, 89.2500 mm): Pad 4 [unconnected-(U10-SENSOR_VP-Pad4)] of U10 on F.Cu
[silk_over_copper]: Silkscreen clipped by solder mask
    Local override; warning
    @(125.8600 mm, 89.2450 mm): Segment of U10 on F.Silkscreen
    @(138.7900 mm, 89.2500 mm): Pad 5 [unconnected-(U10-SENSOR_VN-Pad5)] of U10 on F.Cu
[silk_over_copper]: Silkscreen clipped by solder mask
    Local override; warning
    @(125.8600 mm, 89.2450 mm): Segment of U10 on F.Silkscreen
    @(137.5200 mm, 89.2500 mm): Pad 6 [ADS_DRDY_D] of U10 on F.Cu
[silk_over_copper]: Silkscreen clipped by solder mask
    Local override; warning
    @(125.8600 mm, 89.2450 mm): Segment of U10 on F.Silkscreen
    @(136.2500 mm, 89.2500 mm): Pad 7 [GPIO_FASTCHG] of U10 on F.Cu
[silk_over_copper]: Silkscreen clipped by solder mask
    Local override; warning
    @(125.8600 mm, 89.2450 mm): Segment of U10 on F.Silkscreen
    @(134.9800 mm, 89.2500 mm): Pad 8 [BQ_GPOUT_D] of U10 on F.Cu
[silk_over_copper]: Silkscreen clipped by solder mask
    Local override; warning
    @(125.8600 mm, 89.2450 mm): Segment of U10 on F.Silkscreen
    @(133.7100 mm, 89.2500 mm): Pad 9 [GPIO33] of U10 on F.Cu
[silk_over_copper]: Silkscreen clipped by solder mask
    Local override; warning
    @(125.8600 mm, 89.2450 mm): Segment of U10 on F.Silkscreen
    @(132.4400 mm, 89.2500 mm): Pad 10 [Net-(U10-IO25)] of U10 on F.Cu
[silk_over_copper]: Silkscreen clipped by solder mask
    Local override; warning
    @(125.8600 mm, 89.2450 mm): Segment of U10 on F.Silkscreen
    @(131.1700 mm, 89.2500 mm): Pad 11 [Net-(U10-IO26)] of U10 on F.Cu
[silk_over_copper]: Silkscreen clipped by solder mask
    Local override; warning
    @(125.8600 mm, 89.2450 mm): Segment of U10 on F.Silkscreen
    @(129.9000 mm, 89.2500 mm): Pad 12 [ADS_CS_D] of U10 on F.Cu
[silk_over_copper]: Silkscreen clipped by solder mask
    Local override; warning
    @(125.8600 mm, 89.2450 mm): Segment of U10 on F.Silkscreen
    @(128.6300 mm, 89.2500 mm): Pad 13 [Net-(U10-IO14)] of U10 on F.Cu
[silk_over_copper]: Silkscreen clipped by solder mask
    Local override; warning
    @(125.8600 mm, 89.2450 mm): Segment of U10 on F.Silkscreen
    @(127.3600 mm, 89.2500 mm): Pad 14 [Net-(U10-IO12)] of U10 on F.Cu
[silk_over_copper]: Silkscreen clipped by solder mask
    Local override; warning
    @(145.0600 mm, 107.2450 mm): Segment of U10 on F.Silkscreen
    @(127.3600 mm, 107.2500 mm): Pad 25 [Net-(U10-IO0)] of U10 on F.Cu
[silk_over_copper]: Silkscreen clipped by solder mask
    Local override; warning
    @(145.0600 mm, 107.2450 mm): Segment of U10 on F.Silkscreen
    @(128.6300 mm, 107.2500 mm): Pad 26 [TFT RST] of U10 on F.Cu
[silk_over_copper]: Silkscreen clipped by solder mask
    Local override; warning
    @(145.0600 mm, 107.2450 mm): Segment of U10 on F.Silkscreen
    @(129.9000 mm, 107.2500 mm): Pad 27 [ENC_B] of U10 on F.Cu
[silk_over_copper]: Silkscreen clipped by solder mask
    Local override; warning
    @(145.0600 mm, 107.2450 mm): Segment of U10 on F.Silkscreen
    @(131.1700 mm, 107.2500 mm): Pad 28 [ENC_A] of U10 on F.Cu
[silk_over_copper]: Silkscreen clipped by solder mask
    Local override; warning
    @(145.0600 mm, 107.2450 mm): Segment of U10 on F.Silkscreen
    @(132.4400 mm, 107.2500 mm): Pad 29 [T_CS] of U10 on F.Cu
[silk_over_copper]: Silkscreen clipped by solder mask
    Local override; warning
    @(145.0600 mm, 107.2450 mm): Segment of U10 on F.Silkscreen
    @(133.7100 mm, 107.2500 mm): Pad 30 [SPI_SCLK_D] of U10 on F.Cu
[silk_over_copper]: Silkscreen clipped by solder mask
    Local override; warning
    @(145.0600 mm, 107.2450 mm): Segment of U10 on F.Silkscreen
    @(134.9800 mm, 107.2500 mm): Pad 31 [SPI_MISO_D] of U10 on F.Cu
[silk_over_copper]: Silkscreen clipped by solder mask
    Local override; warning
    @(145.0600 mm, 107.2450 mm): Segment of U10 on F.Silkscreen
    @(136.2500 mm, 107.2500 mm): Pad 32 [unconnected-(U10-NC-Pad32)] of U10 on F.Cu
[silk_over_copper]: Silkscreen clipped by solder mask
    Local override; warning
    @(145.0600 mm, 107.2450 mm): Segment of U10 on F.Silkscreen
    @(137.5200 mm, 107.2500 mm): Pad 33 [I2C_SDA_D] of U10 on F.Cu
[silk_over_copper]: Silkscreen clipped by solder mask
    Local override; warning
    @(145.0600 mm, 107.2450 mm): Segment of U10 on F.Silkscreen
    @(138.7900 mm, 107.2500 mm): Pad 34 [RXD0] of U10 on F.Cu
[silk_over_copper]: Silkscreen clipped by solder mask
    Local override; warning
    @(145.0600 mm, 107.2450 mm): Segment of U10 on F.Silkscreen
    @(140.0600 mm, 107.2500 mm): Pad 35 [TXD0] of U10 on F.Cu
[silk_over_copper]: Silkscreen clipped by solder mask
    Local override; warning
    @(145.0600 mm, 107.2450 mm): Segment of U10 on F.Silkscreen
    @(141.3300 mm, 107.2500 mm): Pad 36 [I2C_SCL_D] of U10 on F.Cu
[silk_over_copper]: Silkscreen clipped by solder mask
    Local override; warning
    @(145.0600 mm, 107.2450 mm): Segment of U10 on F.Silkscreen
    @(142.6000 mm, 107.2500 mm): Pad 37 [SPI_MOSI_D] of U10 on F.Cu
[silk_over_copper]: Silkscreen clipped by solder mask
    Local override; warning
    @(145.0600 mm, 107.2450 mm): Segment of U10 on F.Silkscreen
    @(143.8700 mm, 107.2500 mm): Pad 38 [DGND] of U10 on F.Cu

** Found 0 unconnected pads **

** Found 0 Footprint errors **

** Ignored checks **
    - Footprint has no courtyard defined
    - Track endpoint not centered on via
    - Tuning profile track geometries
    - Footprint doesn't match symbol's footprint filters
    - PTH inside courtyard
    - NPTH inside courtyard
    - Footprint component type doesn't match footprint pads

** End of Report **
